kotlin version: 2.3.0
error message: Incremental compilation failed: The following FqNames can't be derived from DirtyData.dirtyLookupSymbols: com.sendspindroid.sendspin.crypto.PskCategory.
DirtyData = DirtyData(dirtyLookupSymbols=[LookupSymbol(name=DYNAMIC_PAIRING_CODE, scope=com.sendspindroid.sendspin.protocol.message.MessageBuilder.PairMethodDescriptor.Companion), LookupSymbol(name=AlreadyExists, scope=com.sendspindroid.sendspin.crypto.PairingConfigStore.RotateResult), LookupSymbol(name=PairMethodDescriptor, scope=com.sendspindroid.sendspin.protocol.message.MessageBuilder), LookupSymbol(name=Companion, scope=com.sendspindroid.sendspin.crypto.PskCategory), LookupSymbol(name=RotateResult, scope=com.sendspindroid.sendspin.crypto.PairingConfigStore), LookupSymbol(name=Companion, scope=com.sendspindroid.sendspin.protocol.message.MessageBuilder.PairMethodDescriptor), LookupSymbol(name=<SAM-CONSTRUCTOR>, scope=com.sendspindroid.sendspin.crypto.PskCategory), LookupSymbol(name=<SAM-CONSTRUCTOR>, scope=com.sendspindroid.sendspin.protocol.message.MessageBuilder.PairMethodDescriptor), LookupSymbol(name=Ok, scope=com.sendspindroid.sendspin.crypto.PairingConfigStore.RotateResult), LookupSymbol(name=fromWire, scope=com.sendspindroid.sendspin.crypto.PskCategory.Companion), LookupSymbol(name=Invalid, scope=com.sendspindroid.sendspin.crypto.PairingConfigStore.RotateResult), LookupSymbol(name=PairingConfigStore, scope=com.sendspindroid.sendspin.crypto), LookupSymbol(name=<SAM-CONSTRUCTOR>, scope=com.sendspindroid.sendspin.protocol.message.MessageBuilder.PairMethodDescriptor.Companion), LookupSymbol(name=PAIRING_PSK, scope=com.sendspindroid.sendspin.protocol.message.MessageBuilder.PairMethodDescriptor.Companion), LookupSymbol(name=<SAM-CONSTRUCTOR>, scope=com.sendspindroid.sendspin.crypto.PskCategory.Companion), LookupSymbol(name=StorageFailed, scope=com.sendspindroid.sendspin.crypto.TrustStore.AddRecordResult), LookupSymbol(name=StorageFailed, scope=com.sendspindroid.sendspin.crypto.PairingConfigStore.RotateResult)], dirtyClassesFqNames=[com.sendspindroid.sendspin.crypto.PairingConfigStore.RotateResult, com.sendspindroid.sendspin.crypto.TrustStore.AddRecordResult.StorageFailed, com.sendspindroid.sendspin.crypto.PskCategory, com.sendspindroid.sendspin.protocol.message.MessageBuilder.PairMethodDescriptor.Companion, com.sendspindroid.sendspin.crypto.PairingConfigStore.RotateResult.Invalid, com.sendspindroid.sendspin.crypto.PairingConfigStore.RotateResult.AlreadyExists, com.sendspindroid.sendspin.protocol.message.MessageBuilder.PairMethodDescriptor, com.sendspindroid.sendspin.crypto.PskCategory.Companion, com.sendspindroid.sendspin.crypto.PairingConfigStore.RotateResult.StorageFailed, com.sendspindroid.sendspin.crypto.PairingConfigStore.RotateResult.Ok, com.sendspindroid.sendspin.crypto.PairingConfigStore], dirtyClassesFqNamesForceRecompile=[])
java.lang.IllegalStateException: The following FqNames can't be derived from DirtyData.dirtyLookupSymbols: com.sendspindroid.sendspin.crypto.PskCategory.
DirtyData = DirtyData(dirtyLookupSymbols=[LookupSymbol(name=DYNAMIC_PAIRING_CODE, scope=com.sendspindroid.sendspin.protocol.message.MessageBuilder.PairMethodDescriptor.Companion), LookupSymbol(name=AlreadyExists, scope=com.sendspindroid.sendspin.crypto.PairingConfigStore.RotateResult), LookupSymbol(name=PairMethodDescriptor, scope=com.sendspindroid.sendspin.protocol.message.MessageBuilder), LookupSymbol(name=Companion, scope=com.sendspindroid.sendspin.crypto.PskCategory), LookupSymbol(name=RotateResult, scope=com.sendspindroid.sendspin.crypto.PairingConfigStore), LookupSymbol(name=Companion, scope=com.sendspindroid.sendspin.protocol.message.MessageBuilder.PairMethodDescriptor), LookupSymbol(name=<SAM-CONSTRUCTOR>, scope=com.sendspindroid.sendspin.crypto.PskCategory), LookupSymbol(name=<SAM-CONSTRUCTOR>, scope=com.sendspindroid.sendspin.protocol.message.MessageBuilder.PairMethodDescriptor), LookupSymbol(name=Ok, scope=com.sendspindroid.sendspin.crypto.PairingConfigStore.RotateResult), LookupSymbol(name=fromWire, scope=com.sendspindroid.sendspin.crypto.PskCategory.Companion), LookupSymbol(name=Invalid, scope=com.sendspindroid.sendspin.crypto.PairingConfigStore.RotateResult), LookupSymbol(name=PairingConfigStore, scope=com.sendspindroid.sendspin.crypto), LookupSymbol(name=<SAM-CONSTRUCTOR>, scope=com.sendspindroid.sendspin.protocol.message.MessageBuilder.PairMethodDescriptor.Companion), LookupSymbol(name=PAIRING_PSK, scope=com.sendspindroid.sendspin.protocol.message.MessageBuilder.PairMethodDescriptor.Companion), LookupSymbol(name=<SAM-CONSTRUCTOR>, scope=com.sendspindroid.sendspin.crypto.PskCategory.Companion), LookupSymbol(name=StorageFailed, scope=com.sendspindroid.sendspin.crypto.TrustStore.AddRecordResult), LookupSymbol(name=StorageFailed, scope=com.sendspindroid.sendspin.crypto.PairingConfigStore.RotateResult)], dirtyClassesFqNames=[com.sendspindroid.sendspin.crypto.PairingConfigStore.RotateResult, com.sendspindroid.sendspin.crypto.TrustStore.AddRecordResult.StorageFailed, com.sendspindroid.sendspin.crypto.PskCategory, com.sendspindroid.sendspin.protocol.message.MessageBuilder.PairMethodDescriptor.Companion, com.sendspindroid.sendspin.crypto.PairingConfigStore.RotateResult.Invalid, com.sendspindroid.sendspin.crypto.PairingConfigStore.RotateResult.AlreadyExists, com.sendspindroid.sendspin.protocol.message.MessageBuilder.PairMethodDescriptor, com.sendspindroid.sendspin.crypto.PskCategory.Companion, com.sendspindroid.sendspin.crypto.PairingConfigStore.RotateResult.StorageFailed, com.sendspindroid.sendspin.crypto.PairingConfigStore.RotateResult.Ok, com.sendspindroid.sendspin.crypto.PairingConfigStore], dirtyClassesFqNamesForceRecompile=[])
	at org.jetbrains.kotlin.incremental.classpathDiff.ClasspathChangesComputer.toProgramSymbols(ClasspathChangesComputer.kt:364)
	at org.jetbrains.kotlin.incremental.classpathDiff.ClasspathChangesComputer.computeFineGrainedKotlinClassChanges(ClasspathChangesComputer.kt:264)
	at org.jetbrains.kotlin.incremental.classpathDiff.ClasspathChangesComputer.computeKotlinClassChanges(ClasspathChangesComputer.kt:164)
	at org.jetbrains.kotlin.incremental.classpathDiff.ClasspathChangesComputer.computeClassChanges(ClasspathChangesComputer.kt:137)
	at org.jetbrains.kotlin.incremental.classpathDiff.ClasspathChangesComputer.computeChangedAndImpactedSet(ClasspathChangesComputer.kt:87)
	at org.jetbrains.kotlin.incremental.classpathDiff.ClasspathChangesComputer.computeClasspathChanges(ClasspathChangesComputer.kt:55)
	at org.jetbrains.kotlin.incremental.dirtyFiles.ClasspathSnapshotBasedImpactDeterminer.determineChangedAndImpactedSymbols(ClasspathSnapshotBasedImpactDeterminer.kt:42)
	at org.jetbrains.kotlin.incremental.dirtyFiles.JvmSourcesToCompileCalculator.calculateSourcesToCompileImpl(JvmSourcesToCompileCalculator.kt:41)
	at org.jetbrains.kotlin.incremental.dirtyFiles.JvmSourcesToCompileCalculator.calculateWithClasspathSnapshot(JvmSourcesToCompileCalculator.kt:97)
	at org.jetbrains.kotlin.incremental.IncrementalJvmCompilerRunner.calculateSourcesToCompile(IncrementalJvmCompilerRunner.kt:60)
	at org.jetbrains.kotlin.incremental.IncrementalJvmCompilerRunner.calculateSourcesToCompile(IncrementalJvmCompilerRunner.kt:23)
	at org.jetbrains.kotlin.incremental.IncrementalCompilerRunner.tryCompileIncrementally$lambda$0$compile(IncrementalCompilerRunner.kt:225)
	at org.jetbrains.kotlin.incremental.IncrementalCompilerRunner.tryCompileIncrementally(IncrementalCompilerRunner.kt:267)
	at org.jetbrains.kotlin.incremental.IncrementalCompilerRunner.compile(IncrementalCompilerRunner.kt:119)
	at org.jetbrains.kotlin.daemon.CompileServiceImplBase.execIncrementalCompiler(CompileServiceImpl.kt:684)
	at org.jetbrains.kotlin.daemon.CompileServiceImplBase.access$execIncrementalCompiler(CompileServiceImpl.kt:94)
	at org.jetbrains.kotlin.daemon.CompileServiceImpl.compile(CompileServiceImpl.kt:1810)
	at java.base/jdk.internal.reflect.DirectMethodHandleAccessor.invoke(DirectMethodHandleAccessor.java:103)
	at java.base/java.lang.reflect.Method.invoke(Method.java:580)
	at java.rmi/sun.rmi.server.UnicastServerRef.dispatch(UnicastServerRef.java:360)
	at java.rmi/sun.rmi.transport.Transport$1.run(Transport.java:200)
	at java.rmi/sun.rmi.transport.Transport$1.run(Transport.java:197)
	at java.base/java.security.AccessController.doPrivileged(AccessController.java:714)
	at java.rmi/sun.rmi.transport.Transport.serviceCall(Transport.java:196)
	at java.rmi/sun.rmi.transport.tcp.TCPTransport.handleMessages(TCPTransport.java:598)
	at java.rmi/sun.rmi.transport.tcp.TCPTransport$ConnectionHandler.run0(TCPTransport.java:844)
	at java.rmi/sun.rmi.transport.tcp.TCPTransport$ConnectionHandler.lambda$run$0(TCPTransport.java:721)
	at java.base/java.security.AccessController.doPrivileged(AccessController.java:400)
	at java.rmi/sun.rmi.transport.tcp.TCPTransport$ConnectionHandler.run(TCPTransport.java:720)
	at java.base/java.util.concurrent.ThreadPoolExecutor.runWorker(ThreadPoolExecutor.java:1144)
	at java.base/java.util.concurrent.ThreadPoolExecutor$Worker.run(ThreadPoolExecutor.java:642)
	at java.base/java.lang.Thread.run(Thread.java:1583)


